v1_PLS_2ea09cae7836b411112903581423212fddc150b43db06eb64abdb917cd4fcb58	AAL08400.1	27.0	259	136	10	297	536	474	698	8.54e-14	63.5
v1_PLS_0e8b0bda41676499496befd5ed64f9c684571f420c1c7929d63a77ab59201b40	AFH37355.1	30.0	223	135	5	5	219	498	707	2.30e-20	84.7
v1_PLS_0e3f1fb0b273420e7b20f1880982ccf963b82ffbe227323de8e708d3a9dda16a	AAP03990.1	25.1	207	138	8	306	495	478	684	9.69e-15	66.6
v1_PLS_6bd567292226ceefd5d5be598347692b01a0b70eb7f25c94ad19d314d3ae8ceb	ACP43452.1	38.3	206	125	1	348	553	499	702	9.56e-36	132
v1_PLS_8f77cc105c478989007d0e5396e6eee56f0ef07d9144e1e8fe07e79d13b89ef5	AFH37355.1	38.0	200	122	1	360	559	515	712	1.04e-32	123
v1_PLS_1fb3dc9735cb4fffaa2bbdb5104d43bc54cefb63ee53a3b7308b89d484f678d5	P22520.1	100	698	0	0	1	698	1	698	0.0	1352
v1_PLS_8cae97833758d367b06c4564bdde9e179b93e4b21a0d3bd7f5f62d1b5eab7b13	AFH37355.1	29.2	216	132	5	13	219	504	707	2.34e-17	75.1
