,Unnamed: 0,pephash,sample,contig,start,stop,strand,allStandardAA,seq,microcinHit,tmhmm,homologyHit
4851,GCF_000026285.1_ASM2628v2_genomic|NC_011747.1|90408:90674:-1,v1_PLS_ccd1390b1c4c6784d42fea124fdda58880f6883fddb88983970e1ffb96e57a8f,GCF_000026285.1_ASM2628v2_genomic,NC_011747.1,90408,90674,-1,True,MNIAIIGAGPAGIISARNAIKAGHSVVLFEKNTRIGGIWNPWSGGAYRNACMQNSRYTFHYTGFPPGDIDERSWMQMSDRVRLLGRGW*,GCF_000026285.1_ASM2628v2_genomic|NC_011747.1|92094:92405:1,OOOOOOOOOOOOOOOOOOOOOOOOOOOOOOOOOOOOOOOOOOOOOOOOOOOOOOOOOOOOOOOOOOOOOOOOOOOOOOOOOOOOOOOO,False
4852,GCF_000026285.1_ASM2628v2_genomic|NC_011747.1|90671:90940:-1,v1_PLS_69f76c9ebbbba13d7bb2596e441cf651c12d19bec95b41efbfacce34f1c72a2f,GCF_000026285.1_ASM2628v2_genomic,NC_011747.1,90671,90940,-1,True,MDTILLTGLFAAFFTTFAFAPQSIKTIRTRNTEGISVVMYIMFLTGVISWIAYGIMRSDFAVLIANIVTLFLAAPVLVITLINRRKKHV*,GCF_000026285.1_ASM2628v2_genomic|NC_011747.1|92094:92405:1,oooMMMMMMMMMMMMMMMMMMiiiiiiiiiiiiMMMMMMMMMMMMMMMMMMMMMMMooooMMMMMMMMMMMMMMMMMMMMMMMiiiiii,False
4853,GCF_000026285.1_ASM2628v2_genomic|NC_011747.1|90942:91346:-1,v1_PLS_62888707df422d0d8341f9711b837a967b2594489444098657fb268b9f80b78e,GCF_000026285.1_ASM2628v2_genomic,NC_011747.1,90942,91346,-1,True,MGTKSDGQVEVDDNGYVMGSSEKGAYFRVHASKSETDHNLGLHIQLVFENGEIRYSTHHENRLLLILFNDTNTETIGFDALKRLPDPPRELPFWSDSFIHLHDDWCALIKYGHSSPKLADLSSGLHIQEIIEAF*,GCF_000026285.1_ASM2628v2_genomic|NC_011747.1|92094:92405:1,OOOOOOOOOOOOOOOOOOOOOOOOOOOOOOOOOOOOOOOOOOOOOOOOOOOOOOOOOOOOOOOOOOOOOOOOOOOOOOOOOOOOOOOOOOOOOOOOOOOOOOOOOOOOOOOOOOOOOOOOOOOOOOOOOOOOOO,False
4857,GCF_000026285.1_ASM2628v2_genomic|NC_011747.1|96564:96818:1,v1_PLS_bc8f5d8bb6a03fcc8713aaa0d46785eeea919657209c26422478d19601ede0bb,GCF_000026285.1_ASM2628v2_genomic,NC_011747.1,96564,96818,1,True,MSLRIDAELKDAFMAAAKSMDRNGSQLIRDFMRQTVERQHNTWFRDQVEAGRQQLERGDVLPHDMVESSAAAWRDEMSRKVAGK*,GCF_000026285.1_ASM2628v2_genomic|NC_011747.1|92094:92405:1,OOOOOOOOOOOOOOOOOOOOOOOOOOOOOOOOOOOOOOOOOOOOOOOOOOOOOOOOOOOOOOOOOOOOOOOOOOOOOOOOOOOO,False
4858,GCF_000026285.1_ASM2628v2_genomic|NC_011747.1|96836:96997:1,v1_PLS_ffbc4e2549b70e1729a0d62571f9e71283790a763b14dacd498ca304cffc0345,GCF_000026285.1_ASM2628v2_genomic,NC_011747.1,96836,96997,1,True,MLASQDRNRIREYIAEQNLIAAIELDERIGCSASLLFSLSFISVQVHDNIITV*,GCF_000026285.1_ASM2628v2_genomic|NC_011747.1|92094:92405:1,iiiiiiiiiiiiiiiiiiiiiiiiiiiiiiiiiiiiiiiiiiiiiiiiiiiii,False
4859,GCF_000026285.1_ASM2628v2_genomic|NC_011747.1|97111:97404:1,v1_PLS_8d1e3cc4b75b599b1e9cd6b2fe9e4813c1cbb89a478e8123e0dc638438dcee30,GCF_000026285.1_ASM2628v2_genomic,NC_011747.1,97111,97404,1,True,MWRSNYAPPLLRILWRLGIRLPPLPFMPFWQVTLLMGGLWGISWGCAMWFMYWGPSGMVAGEAIIISITSGFLFGLLMASFHWWRRKVNRLPPWNDV*,GCF_000026285.1_ASM2628v2_genomic|NC_011747.1|92094:92405:1,iiiiiiiiiiiiiiiiiiiiMMMMMMMMMMMMMMMMMMMMMMMooooooooooooooMMMMMMMMMMMMMMMMMMMMMMMiiiiiiiiiiiiiiiii,False
