microcin_id,contig,microcin_start,microcin_stop,microcin_strand,CvaB_id,CvaB_start,CvaB_stop,CvaB_strand
GCF_000026285.1_ASM2628v2_genomic|NC_011747.1|92094:92405:1,NC_011747.1,92094,92405,1,GCF_000026285.1_ASM2628v2_genomic|NC_011747.1|92575:94671:-1,92575,94671,-1
