v1_PLS_cf172055d7db9550127c7d064489dd0947315d2407e2176e97335b2d54dc701d	V_sp_P22522_CEAV_ECOLX	100.000	103	0	0	1	103	1	103	7.68e-76	208
