,id,nonGap,percentGap,alignment,C34,H107,D123,len,percentTrim
5,v1_PLS_1fb3dc9735cb4fffaa2bbdb5104d43bc54cefb63ee53a3b7308b89d484f678d5,698,0.058029689608636977,M---TNRNFRQIINLLDLRWQRRVPVIHQTETAECGLACLAMICGHFGKNIDLIYLRRKFNLSARGATLAGINGIAEQLGMATRALSLELDELRVLKTPCILHWDFSHFVVLVSVKRNRYVLHDPARGIRYISREEMSRYFTGVALEVWPGSEFQSETLQTRISLRSLINSIYGIKRTLAKIFCLSVVIEAINLLMPVGTQLVMDHAIPAGDRGLLTLISAALMFFILLKAATSTLRAWSSLVMSTLINVQWQSGLFDHLLRLPLAFFERRKLGDIQSRFDSLDTLRATFTTSVIGFIMDSIMVVGVCVMMLLYGGYLTWIVLCFTTIYIFIRLVTYGNYRQISEECLVREARAASYFMETLYGIATVKIQGMVGIRGAHWLNMKIDAINSGIKLTRMDLLFGGINTFVTACDQIVILWLGAGLVIDNQMTIGMFVAFSSFRGQFSERVASLTSFLLQLRIMSLHNERIADIALHEKEEKKPE---------------IEIVADMGPISLETNGLSYRYDSQSAPIFSALSLSVAPGESVAITGASGAGKTTLMKVLCGLFEPDSGRVLINGIDIRQIGINNYHRMIACVMQDDRLFSGSIRENICGFAEEMDEEWMVECARASHIHDVIMNMPMGYETLIGELGEGLSGGQKQRIFIARALYRKPGILFMDEATSALDSESEHFVNVAIKNMNITRVIIAHRETTLRTVDRVISI-------------------------,C,H,D,699,0.001430615164520744
